
> bumdes-digital@0.0.0 test:run
> vitest run


[7m[1m[36m RUN [39m[22m[27m [36mv1.6.1[39m [90mD:/bumdes-digital[39m

 [32m✓[39m src/tests/Login.test.tsx [2m ([22m[2m6 tests[22m[2m)[22m[33m 1221[2mms[22m[39m
 [32m✓[39m src/tests/HutangPiutang.test.tsx [2m ([22m[2m17 tests[22m[2m)[22m[33m 3141[2mms[22m[39m
 [32m✓[39m src/tests/Pengaturan.test.tsx [2m ([22m[2m20 tests[22m[2m)[22m[33m 5508[2mms[22m[39m
 [32m✓[39m src/tests/Pos.test.tsx [2m ([22m[2m16 tests[22m[2m)[22m[33m 6213[2mms[22m[39m
 [32m✓[39m src/tests/Akuntansi.test.tsx [2m ([22m[2m33 tests[22m[2m)[22m[33m 6862[2mms[22m[39m
 [32m✓[39m src/tests/Stok.test.tsx [2m ([22m[2m17 tests[22m[2m)[22m[33m 5293[2mms[22m[39m
 [32m✓[39m src/tests/Integration.test.tsx [2m ([22m[2m15 tests[22m[2m)[22m[33m 3783[2mms[22m[39m
 [32m✓[39m src/tests/Dashboard.test.tsx [2m ([22m[2m9 tests[22m[2m)[22m[33m 1466[2mms[22m[39m
 [32m✓[39m src/tests/Inventaris.test.tsx [2m ([22m[2m1 test[22m[2m)[22m[33m 711[2mms[22m[39m
 [32m✓[39m src/tests/MainLayout.test.tsx [2m ([22m[2m3 tests[22m[2m)[22m[33m 2791[2mms[22m[39m
 [33m❯[39m src/tests/LaporanTransaksi.test.tsx [2m ([22m[2m1 test[22m [2m|[22m [31m1 failed[39m[2m)[22m[33m 369[2mms[22m[39m
[31m   [33m❯[31m src/tests/LaporanTransaksi.test.tsx[2m > [22mLaporan Transaksi[2m > [22mTEST-LAP-001: Harus merender halaman laporan[39m
[31m     → "linear" is not a registered scale.[39m
 [32m✓[39m src/tests/BukuKas.test.tsx [2m ([22m[2m2 tests[22m[2m)[22m[33m 1113[2mms[22m[39m
 [33m❯[39m src/tests/StrukturOrganisasi.test.tsx [2m ([22m[2m1 test[22m [2m|[22m [31m1 failed[39m[2m)[22m[33m 1090[2mms[22m[39m
[31m   [33m❯[31m src/tests/StrukturOrganisasi.test.tsx[2m > [22mStruktur Organisasi[2m > [22mTEST-ORG-001: Harus merender struktur organisasi BUMDes[39m
[31m     → Found multiple elements with the text: /Admin Utama/i

Here are the matching elements:

Ignored nodes: comments, script, style
[36m<h3[31m
  [33mclass[31m=[32m"font-bold text-slate-800 dark:text-slate-100 text-lg leading-tight mb-0.5"[31m
[36m>[31m
  [0mAdmin Utama[0m
[36m</h3>[31m

Ignored nodes: comments, script, style
[36m<span[31m
  [33mclass[31m=[32m"font-bold text-slate-800 dark:text-slate-100"[31m
[36m>[31m
  [0mAdmin Utama[0m
[36m</span>[31m

(If this is intentional, then use the `*AllBy*` variant of the query (like `queryAllByText`, `getAllByText`, or `findAllByText`)).

Ignored nodes: comments, script, style
[36m<body>[31m
  [36m<div>[31m
    [36m<div[31m
      [33mclass[31m=[32m"flex flex-col gap-6 pb-8"[31m
    [36m>[31m
      [36m<div[31m
        [33mclass[31m=[32m"card rounded-2xl shadow-sm p-6 text-center relative overflow-hidden"[31m
      [36m>[31m
        [36m<div[31m
          [33mclass[31m=[32m"absolute inset-0 bg-gradient-to-br from-primary-50 to-blue-50 dark:from-primary-950/30 dark:to-blue-950/20"[31m
        [36m/>[31m
        [36m<div[31m
          [33mclass[31m=[32m"relative z-10"[31m
        [36m>[31m
          [36m<div[31m
            [33mclass[31m=[32m"w-16 h-16 mx-auto bg-gradient-to-br from-primary-600 to-primary-800 rounded-2xl flex items-center justify-center text-white mb-4 shadow-xl"[31m
          [36m>[31m
            [36m<svg[31m
              [33maria-hidden[31m=[32m"true"[31m
              [33mclass[31m=[32m"lucide lucide-building2 lucide-building-2"[31m
              [33mfill[31m=[32m"none"[31m
              [33mheight[31m=[32m"28"[31m
              [33mstroke[31m=[32m"currentColor"[31m
              [33mstroke-linecap[31m=[32m"round"[31m
              [33mstroke-linejoin[31m=[32m"round"[31m
              [33mstroke-width[31m=[32m"2"[31m
              [33mviewBox[31m=[32m"0 0 24 24"[31m
              [33mwidth[31m=[32m"28"[31m
              [33mxmlns[31m=[32m"http://www.w3.org/2000/svg"[31m
            [36m>[31m
              [36m<path[31m
                [33md[31m=[32m"M10 12h4"[31m
              [36m/>[31m
              [36m<path[31m
                [33md[31m=[32m"M10 8h4"[31m
              [36m/>[31m
              [36m<path[31m
                [33md[31m=[32m"M14 21v-3a2 2 0 0 0-4 0v3"[31m
              [36m/>[31m
              [36m<path[31m
                [33md[31m=[32m"M6 10H4a2 2 0 0 0-2 2v7a2 2 0 0 0 2 2h16a2 2 0 0 0 2-2V9a2 2 0 0 0-2-2h-2"[31m
              [36m/>[31m
              [36m<path[31m
                [33md[31m=[32m"M6 21V5a2 2 0 0 1 2-2h8a2 2 0 0 1 2 2v16"[31m
              [36m/>[31m
            [36m</svg>[31m
          [36m</div>[31m
          [36m<h1[31m
            [33mclass[31m=[32m"text-2xl sm:text-3xl font-black text-primary-900 dark:text-primary-200 mb-1"[31m
          [36m>[31m
            [0mStruktur Organisasi[0m
          [36m</h1>[31m
          [36m<p[31m
            [33mclass[31m=[32m"text-slate-600 dark:text-slate-400 font-medium"[31m
          [36m>[31m
            [0mBUMDes Noto Mulyo[0m
          [36m</p>[31m
          [36m<p[31m
            [33mclass[31m=[32m"text-sm text-slate-500 dark:text-slate-400"[31m
          [36m>[31m
            [0mDesa Pulodarat, Kec. Pecangaan, Kab. Jepara[0m
          [36m</p>[31m
        [36m</div>[31m
      [36m</div>[31m
      [36m<button[31m
        [33mclass[31m=[32m"card rounded-2xl shadow-sm p-4 flex items-center justify-between hover:bg-slate-50 dark:hover:bg-slate-800 trans-all"[31m
      [36m>[31m
        [36m<span[31m
          [33mclass[31m=[32m"font-bold text-slate-800 dark:text-slate-100 flex items-center gap-2"[31m
        [36m>[31m
          [36m<svg[31m
            [33maria-hidden[31m=[32m"true"[31m
            [33mclass[31m=[32m"lucide lucide-users text-primary-600"[31m
            [33mfill[31m=[32m"none"[31m
            [33mheight[31m=[32m"18"[31m
            [33mstroke[31m=[32m"currentColor"[31m
            [33mstroke-linecap[31m=[32m"round"[31m
            [33mstroke-linejoin[31m=[32m"round"[31m
            [33mstroke-width[31m=[32m"2"[31m
            [33mviewBox[31m=[32m"0 0 24 24"[31m
            [33mwidth[31m=[32m"18"[31m
            [33mxmlns[31m=[32m"http://www.w3.org/2000/svg"[31m
          [36m>[31m
            [36m<path[31m
              [33md[31m=[32m"M16 21v-2a4 4 0 0 0-4-4H6a4 4 0 0 0-4 4v2"[31m
            [36m/>[31m
            [36m<path[31m
              [33md[31m=[32m"M16 3.128a4 4 0 0 1 0 7.744"[31m
            [36m/>[31m
            [36m<path[31m
              [33md[31m=[32m"M22 21v-2a4 4 0 0 0-3-3.87"[31m
            [36m/>[31m
            [36m<circle[31m
              [33mcx[31m=[32m"9"[31m
              [33mcy[31m=[32m"7"[31m
              [33mr[31m=[32m"4"[31m
            [36m/>[31m
          [36m</svg>[31m
          [0m Bagan Organisasi[0m
        [36m</span>[31m
        [36m<svg[31m
          [33maria-hidden[31m=[32m"true"[31m
          [33mclass[31m=[32m"lucide lucide-chevron-up text-slate-400"[31m
          [33mfill[31m=[32m"none"[31m
          [33mheight[31m=[32m"20"[31m
          [33mstroke[31m=[32m"currentColor"[31m
          [33mstroke-linecap[31m=[32m"round"[31m
          [33mstroke-linejoin[31m=[32m"round"[31m
          [33mstroke-width[31m=[32m"2"[31m
          [33mviewBox[31m=[32m"0 0 24 24"[31m
          [33mwidth[31m=[32m"20"[31m
          [33mxmlns[31m=[32m"http://www.w3.org/2000/svg"[31m
        [36m>[31m
          [36m<path[31m
            [33md[31m=[32m"m18 15-6-6-6 6"[31m
          [36m/>[31m
        [36m</svg>[31m
      [36m</button>[31m
      [36m<div[31m
        [33mclass[31m=[32m"card rounded-2xl shadow-sm p-6 sm:p-8 overflow-x-auto border dark:border-slate-800"[31m
      [36m>[31m
        [36m<div[31m
          [33mclass[31m=[32m"min-w-[600px] flex flex-col items-center gap-6"[31m
        [36m>[31m
          [36m<div[31m
            [33mclass[31m=[32m"flex flex-col items-center"[31m
          [36m>[31m
            [36m<div[31m
              [33mclass[31m=[32m"flex gap-4 justify-center"[31m
            [36m>[31m
              [36m<div[31m
                [33mclass[31m=[32m"bg-white dark:bg-slate-800 rounded-2xl border border-slate-200 dark:border-slate-700 shadow-sm hover:shadow-lg hover:border-primary-300 dark:hover:border-primary-700 trans-all overflow-hidden group max-w-xs"[31m
              [36m>[31m
                [36m<div[31m
                  [33mclass[31m=[32m"h-2 bg-gradient-to-r from-primary-600 to-primary-800"[31m
                [36m/>[31m
                [36m<div[31m
                  [33mclass[31m=[32m"p-6 text-center"[31m
                [36m>[31m
                  [36m<div[31m
                    [33mclass[31m=[32m"w-20 h-20 mx-auto rounded-full bg-gradient-to-br from-primary-600 to-primary-800 flex items-center justify-center text-white font-black text-3xl shadow-lg mb-3 ring-4 ring-white dark:ring-slate-800"[31m
                  [36m>[31m
                    [0mA[0m
                  [36m</div>[31m
                  [36m<h3[31m
                    [33mclass[31m=[32m"font-bold text-slate-800 dark:text-slate-100 text-lg leading-tight mb-0.5"[31m
                  [36m>[31m
                    [0mAdmin Utama[0m
                  [36m</h3>[31m
                  [36m<p[31m
     ...

Ignored nodes: comments, script, style
[36m<html>[31m
  [36m<head />[31m
  [36m<body>[31m
    [36m<div>[31m
      [36m<div[31m
        [33mclass[31m=[32m"flex flex-col gap-6 pb-8"[31m
      [36m>[31m
        [36m<div[31m
          [33mclass[31m=[32m"card rounded-2xl shadow-sm p-6 text-center relative overflow-hidden"[31m
        [36m>[31m
          [36m<div[31m
            [33mclass[31m=[32m"absolute inset-0 bg-gradient-to-br from-primary-50 to-blue-50 dark:from-primary-950/30 dark:to-blue-950/20"[31m
          [36m/>[31m
          [36m<div[31m
            [33mclass[31m=[32m"relative z-10"[31m
          [36m>[31m
            [36m<div[31m
              [33mclass[31m=[32m"w-16 h-16 mx-auto bg-gradient-to-br from-primary-600 to-primary-800 rounded-2xl flex items-center justify-center text-white mb-4 shadow-xl"[31m
            [36m>[31m
              [36m<svg[31m
                [33maria-hidden[31m=[32m"true"[31m
                [33mclass[31m=[32m"lucide lucide-building2 lucide-building-2"[31m
                [33mfill[31m=[32m"none"[31m
                [33mheight[31m=[32m"28"[31m
                [33mstroke[31m=[32m"currentColor"[31m
                [33mstroke-linecap[31m=[32m"round"[31m
                [33mstroke-linejoin[31m=[32m"round"[31m
                [33mstroke-width[31m=[32m"2"[31m
                [33mviewBox[31m=[32m"0 0 24 24"[31m
                [33mwidth[31m=[32m"28"[31m
                [33mxmlns[31m=[32m"http://www.w3.org/2000/svg"[31m
              [36m>[31m
                [36m<path[31m
                  [33md[31m=[32m"M10 12h4"[31m
                [36m/>[31m
                [36m<path[31m
                  [33md[31m=[32m"M10 8h4"[31m
                [36m/>[31m
                [36m<path[31m
                  [33md[31m=[32m"M14 21v-3a2 2 0 0 0-4 0v3"[31m
                [36m/>[31m
                [36m<path[31m
                  [33md[31m=[32m"M6 10H4a2 2 0 0 0-2 2v7a2 2 0 0 0 2 2h16a2 2 0 0 0 2-2V9a2 2 0 0 0-2-2h-2"[31m
                [36m/>[31m
                [36m<path[31m
                  [33md[31m=[32m"M6 21V5a2 2 0 0 1 2-2h8a2 2 0 0 1 2 2v16"[31m
                [36m/>[31m
              [36m</svg>[31m
            [36m</div>[31m
            [36m<h1[31m
              [33mclass[31m=[32m"text-2xl sm:text-3xl font-black text-primary-900 dark:text-primary-200 mb-1"[31m
            [36m>[31m
              [0mStruktur Organisasi[0m
            [36m</h1>[31m
            [36m<p[31m
              [33mclass[31m=[32m"text-slate-600 dark:text-slate-400 font-medium"[31m
            [36m>[31m
              [0mBUMDes Noto Mulyo[0m
            [36m</p>[31m
            [36m<p[31m
              [33mclass[31m=[32m"text-sm text-slate-500 dark:text-slate-400"[31m
            [36m>[31m
              [0mDesa Pulodarat, Kec. Pecangaan, Kab. Jepara[0m
            [36m</p>[31m
          [36m</div>[31m
        [36m</div>[31m
        [36m<button[31m
          [33mclass[31m=[32m"card rounded-2xl shadow-sm p-4 flex items-center justify-between hover:bg-slate-50 dark:hover:bg-slate-800 trans-all"[31m
        [36m>[31m
          [36m<span[31m
            [33mclass[31m=[32m"font-bold text-slate-800 dark:text-slate-100 flex items-center gap-2"[31m
          [36m>[31m
            [36m<svg[31m
              [33maria-hidden[31m=[32m"true"[31m
              [33mclass[31m=[32m"lucide lucide-users text-primary-600"[31m
              [33mfill[31m=[32m"none"[31m
              [33mheight[31m=[32m"18"[31m
              [33mstroke[31m=[32m"currentColor"[31m
              [33mstroke-linecap[31m=[32m"round"[31m
              [33mstroke-linejoin[31m=[32m"round"[31m
              [33mstroke-width[31m=[32m"2"[31m
              [33mviewBox[31m=[32m"0 0 24 24"[31m
              [33mwidth[31m=[32m"18"[31m
              [33mxmlns[31m=[32m"http://www.w3.org/2000/svg"[31m
            [36m>[31m
              [36m<path[31m
                [33md[31m=[32m"M16 21v-2a4 4 0 0 0-4-4H6a4 4 0 0 0-4 4v2"[31m
              [36m/>[31m
              [36m<path[31m
                [33md[31m=[32m"M16 3.128a4 4 0 0 1 0 7.744"[31m
              [36m/>[31m
              [36m<path[31m
                [33md[31m=[32m"M22 21v-2a4 4 0 0 0-3-3.87"[31m
              [36m/>[31m
              [36m<circle[31m
                [33mcx[31m=[32m"9"[31m
                [33mcy[31m=[32m"7"[31m
                [33mr[31m=[32m"4"[31m
              [36m/>[31m
            [36m</svg>[31m
            [0m Bagan Organisasi[0m
          [36m</span>[31m
          [36m<svg[31m
            [33maria-hidden[31m=[32m"true"[31m
            [33mclass[31m=[32m"lucide lucide-chevron-up text-slate-400"[31m
            [33mfill[31m=[32m"none"[31m
            [33mheight[31m=[32m"20"[31m
            [33mstroke[31m=[32m"currentColor"[31m
            [33mstroke-linecap[31m=[32m"round"[31m
            [33mstroke-linejoin[31m=[32m"round"[31m
            [33mstroke-width[31m=[32m"2"[31m
            [33mviewBox[31m=[32m"0 0 24 24"[31m
            [33mwidth[31m=[32m"20"[31m
            [33mxmlns[31m=[32m"http://www.w3.org/2000/svg"[31m
          [36m>[31m
            [36m<path[31m
              [33md[31m=[32m"m18 15-6-6-6 6"[31m
            [36m/>[31m
          [36m</svg>[31m
        [36m</button>[31m
        [36m<div[31m
          [33mclass[31m=[32m"card rounded-2xl shadow-sm p-6 sm:p-8 overflow-x-auto border dark:border-slate-800"[31m
        [36m>[31m
          [36m<div[31m
            [33mclass[31m=[32m"min-w-[600px] flex flex-col items-center gap-6"[31m
          [36m>[31m
            [36m<div[31m
              [33mclass[31m=[32m"flex flex-col items-center"[31m
            [36m>[31m
              [36m<div[31m
                [33mclass[31m=[32m"flex gap-4 justify-center"[31m
              [36m>[31m
                [36m<div[31m
                  [33mclass[31m=[32m"bg-white dark:bg-slate-800 rounded-2xl border border-slate-200 dark:border-slate-700 shadow-sm hover:shadow-lg hover:border-primary-300 dark:hover:border-primary-700 trans-all overflow-hidden group max-w-xs"[31m
                [36m>[31m
                  [36m<div[31m
                    [33mclass[31m=[32m"h-2 bg-gradient-to-r from-primary-600 to-primary-800"[31m
                  [36m/>[31m
                  [36m<div[31m
                    [33mclass[31m=[32m"p-6 text-center"[31m
                  [36m>[31m
                    [36m<div[31m
                      [33mclass[31m=[32m"w-20 h-20 mx-auto rounded-full bg-gradient-to-br from-primary-600 to-primary-800 flex items-center justify-center text-white font-black text-3xl shadow-lg mb-3 ring-4 ring-white dark:ring-slate-800"[31m
                    [36m>[31m
                      [0mA[0m
     ...[39m

[2m Test Files [22m [1m[31m2 failed[39m[22m[2m | [22m[1m[32m11 passed[39m[22m[90m (13)[39m
[2m      Tests [22m [1m[31m2 failed[39m[22m[2m | [22m[1m[32m139 passed[39m[22m[90m (141)[39m
[2m   Start at [22m 00:10:18
[2m   Duration [22m 21.63s[2m (transform 8.45s, setup 12.79s, collect 28.31s, tests 39.56s, environment 32.30s, prepare 7.66s)[22m

